------------------------------------------------------------
Timing Analyzer Summary
------------------------------------------------------------

Type  : Slow 1200mV 85C Model Setup 'clk'
Slack : -3.271
TNS   : -34.733

Type  : Slow 1200mV 85C Model Setup 'clk_divider:clock_divider|slw_clk'
Slack : -0.977
TNS   : -3.908

Type  : Slow 1200mV 85C Model Hold 'clk'
Slack : 0.331
TNS   : 0.000

Type  : Slow 1200mV 85C Model Hold 'clk_divider:clock_divider|slw_clk'
Slack : 0.332
TNS   : 0.000

Type  : Slow 1200mV 85C Model Minimum Pulse Width 'clk'
Slack : -3.000
TNS   : -40.882

Type  : Slow 1200mV 85C Model Minimum Pulse Width 'clk_divider:clock_divider|slw_clk'
Slack : -1.222
TNS   : -4.888

Type  : Slow 1200mV 0C Model Setup 'clk'
Slack : -2.898
TNS   : -28.864

Type  : Slow 1200mV 0C Model Setup 'clk_divider:clock_divider|slw_clk'
Slack : -0.840
TNS   : -3.360

Type  : Slow 1200mV 0C Model Hold 'clk'
Slack : 0.300
TNS   : 0.000

Type  : Slow 1200mV 0C Model Hold 'clk_divider:clock_divider|slw_clk'
Slack : 0.301
TNS   : 0.000

Type  : Slow 1200mV 0C Model Minimum Pulse Width 'clk'
Slack : -3.000
TNS   : -40.882

Type  : Slow 1200mV 0C Model Minimum Pulse Width 'clk_divider:clock_divider|slw_clk'
Slack : -1.222
TNS   : -4.888

Type  : Fast 1200mV 0C Model Setup 'clk'
Slack : -1.106
TNS   : -3.738

Type  : Fast 1200mV 0C Model Setup 'clk_divider:clock_divider|slw_clk'
Slack : 0.039
TNS   : 0.000

Type  : Fast 1200mV 0C Model Hold 'clk'
Slack : 0.152
TNS   : 0.000

Type  : Fast 1200mV 0C Model Hold 'clk_divider:clock_divider|slw_clk'
Slack : 0.153
TNS   : 0.000

Type  : Fast 1200mV 0C Model Minimum Pulse Width 'clk'
Slack : -3.000
TNS   : -35.029

Type  : Fast 1200mV 0C Model Minimum Pulse Width 'clk_divider:clock_divider|slw_clk'
Slack : -1.000
TNS   : -4.000

------------------------------------------------------------
